---
source: tests/solver/main.rs
expression: error
---
The following packages are incompatible
├─ menu * can be installed with any of the following options:
│  ├─ menu 15 would require
│  │  └─ dropdown >=2, <3, which can be installed with any of the following options:
│  │     └─ dropdown 2 would require
│  │        └─ icons >=2, <3, which can be installed with any of the following options:
│  │           └─ icons 2
│  └─ menu 10 would require
│     └─ dropdown >=1, <2, which can be installed with any of the following options:
│        └─ dropdown 1 would require
│           └─ intl >=3, <4, which can be installed with any of the following options:
│              └─ intl 3
├─ icons >=1, <2 can be installed with any of the following options:
│  └─ icons 1
└─ intl >=5, <6 can be installed with any of the following options:
   └─ intl 5
