---
source: tests/solver/main.rs
assertion_line: 2453
expression: result
---
The following packages are incompatible
├─ kmod-b * can be installed with any of the following options:
│  └─ kmod-b 1 would require
│     └─ kernel >=3, <4, which can be installed with any of the following options:
│        └─ kernel 3
└─ kmod-a * cannot be installed because there are no viable options:
   └─ kmod-a 1 would require
      └─ kernel >=1, <2, which cannot be installed because there are no viable options:
         └─ kernel 1, which conflicts with the versions reported above.
